// Jest Snapshot v1, https://goo.gl/fbAQLP

exports[`Mudan√ßa de link CardIndex 1`] = `
{
  "asFragment": [Function],
  "baseElement": <body>
    <div>
      <div
        class="card"
        style="width: 18rem; height: 30rem; background-color: rgb(43, 6, 30); margin: 50px; border-radius: 20px; align-items: center;"
      >
        <div>
          <img
            alt="Nome"
            class="cafes"
            data-nimg="1"
            decoding="async"
            height="200"
            loading="lazy"
            src="/_next/image?url=%2Fimages%2Faffogato.png&w=640&q=75"
            srcset="/_next/image?url=%2Fimages%2Faffogato.png&w=256&q=75 1x, /_next/image?url=%2Fimages%2Faffogato.png&w=640&q=75 2x"
            style="color: transparent;"
            width="200"
          />
        </div>
        <div
          style="height: 40%;"
        >
          <h2
            class="titulos"
          >
            Nome
          </h2>
          <p
            class="textos"
            style="font-family: fontFamily;"
          >
            AAA
          </p>
        </div>
        <button
          class="btn btn-primary"
          style="background-color: rgb(64, 201, 162); margin-bottom: 10px;"
          type="button"
        >
          Veja Mais
        </button>
      </div>
    </div>
  </body>,
  "container": <div>
    <div
      class="card"
      style="width: 18rem; height: 30rem; background-color: rgb(43, 6, 30); margin: 50px; border-radius: 20px; align-items: center;"
    >
      <div>
        <img
          alt="Nome"
          class="cafes"
          data-nimg="1"
          decoding="async"
          height="200"
          loading="lazy"
          src="/_next/image?url=%2Fimages%2Faffogato.png&w=640&q=75"
          srcset="/_next/image?url=%2Fimages%2Faffogato.png&w=256&q=75 1x, /_next/image?url=%2Fimages%2Faffogato.png&w=640&q=75 2x"
          style="color: transparent;"
          width="200"
        />
      </div>
      <div
        style="height: 40%;"
      >
        <h2
          class="titulos"
        >
          Nome
        </h2>
        <p
          class="textos"
          style="font-family: fontFamily;"
        >
          AAA
        </p>
      </div>
      <button
        class="btn btn-primary"
        style="background-color: rgb(64, 201, 162); margin-bottom: 10px;"
        type="button"
      >
        Veja Mais
      </button>
    </div>
  </div>,
  "debug": [Function],
  "findAllByAltText": [Function],
  "findAllByDisplayValue": [Function],
  "findAllByLabelText": [Function],
  "findAllByPlaceholderText": [Function],
  "findAllByRole": [Function],
  "findAllByTestId": [Function],
  "findAllByText": [Function],
  "findAllByTitle": [Function],
  "findByAltText": [Function],
  "findByDisplayValue": [Function],
  "findByLabelText": [Function],
  "findByPlaceholderText": [Function],
  "findByRole": [Function],
  "findByTestId": [Function],
  "findByText": [Function],
  "findByTitle": [Function],
  "getAllByAltText": [Function],
  "getAllByDisplayValue": [Function],
  "getAllByLabelText": [Function],
  "getAllByPlaceholderText": [Function],
  "getAllByRole": [Function],
  "getAllByTestId": [Function],
  "getAllByText": [Function],
  "getAllByTitle": [Function],
  "getByAltText": [Function],
  "getByDisplayValue": [Function],
  "getByLabelText": [Function],
  "getByPlaceholderText": [Function],
  "getByRole": [Function],
  "getByTestId": [Function],
  "getByText": [Function],
  "getByTitle": [Function],
  "queryAllByAltText": [Function],
  "queryAllByDisplayValue": [Function],
  "queryAllByLabelText": [Function],
  "queryAllByPlaceholderText": [Function],
  "queryAllByRole": [Function],
  "queryAllByTestId": [Function],
  "queryAllByText": [Function],
  "queryAllByTitle": [Function],
  "queryByAltText": [Function],
  "queryByDisplayValue": [Function],
  "queryByLabelText": [Function],
  "queryByPlaceholderText": [Function],
  "queryByRole": [Function],
  "queryByTestId": [Function],
  "queryByText": [Function],
  "queryByTitle": [Function],
  "rerender": [Function],
  "unmount": [Function],
}
`;
